// Jest Snapshot v1, https://goo.gl/fbAQLP

exports[`Acceptance: ember help prints a single blueprints 1`] = `1`;

exports[`Acceptance: ember help prints addon commands 1`] = `1`;

exports[`Acceptance: ember help prints all blueprints 1`] = `1`;

exports[`Acceptance: ember help prints blueprints from addons 1`] = `1`;

exports[`Acceptance: ember help prints single addon commands 1`] = `1`;

exports[`Acceptance: ember help works 1`] = `1`;
